2,5 Pahlawan yang ikut:Archer,Saber
3,5 BATTLE, kekuatan: 200, pahlawan: Archer
5,4 RUN, kekuatan maksimal sejumlah: 200
1,3 BATTLE, kekuatan: 300, pahlawan: Archer,Saber
1,4 RUN, kekuatan maksimal sejumlah: 150
2,1 RUN, kekuatan maksimal sejumlah: 150
Akhir petualangan Gudako
Level Gudako: 22
Level pahlawan:
Archer: 12
Saber: 11
