1,13 Pahlawan yang ikut:First
11,3 Pahlawan yang ikut:Second
Akhir petualangan Gudako
Level Gudako: 1
Level pahlawan:
First: 1
Second: 1
