1,13 Pahlawan yang ikut:J sT M nK K
3,13 Pahlawan yang ikut:jjjj jjjMon
1,3 Pahlawan yang ikut:JUST MONIKA
3,3 Pahlawan yang ikut:JuSt MoNiKa
Akhir petualangan Gudako
Level Gudako: 1
Level pahlawan:
J sT M nK K: 1
jjjj jjjMon: 1
JUST MONIKA: 1
JuSt MoNiKa: 1
