1,4 Pahlawan yang ikut:Enru Saver,Queen Riana
2,5 BATTLE, kekuatan: 120, pahlawan: Enru Saver
3,4 Pahlawan yang ikut:p1scok,Kuroneko,Ikhlas Al-Ampas
4,1 BATTLE, kekuatan: 4002, pahlawan: p1scok,Kuroneko
Akhir petualangan Gudako
Level Gudako: 401
Level pahlawan:
p1scok: 161
Kuroneko: 161
Enru Saver: 81
Queen Riana: 1
Ikhlas Al-Ampas: 1
