Akhir petualangan Gudako
Level Gudako: 1
Level pahlawan:
