5,2 tidak ada pahlawan yang ikut
4,2 RUN, kekuatan maksimal sejumlah: 0
3,2 Pahlawan yang ikut:Arturia Pendragon
2,2 BATTLE, kekuatan: 50, pahlawan: Arturia Pendragon
1,3 Pahlawan yang ikut:Jyanu,Hector,Atlanta,Emiye
1,1 RUN, kekuatan maksimal sejumlah: 262
2,1 BATTLE, kekuatan: 242, pahlawan: Arturia Pendragon,Jyanu,Hector,Atlanta
7,2 Pahlawan yang ikut:Cu
4,4 RUN, kekuatan maksimal sejumlah: 200
7,1 tidak ada pahlawan yang ikut
Akhir petualangan Gudako
Level Gudako: 14
Level pahlawan:
Arturia Pendragon: 5
Jyanu: 4
Hector: 4
Atlanta: 4
Emiye: 1
Cu: 1
